// Jest Snapshot v1, https://goo.gl/fbAQLP

exports[`Pruebas en AppRouter/> debe de mostrarse coerrectamente  1`] = `
Array [
  <nav
    className="navbar navbar-expand-lg navbar navbar-dark bg-dark"
  >
    <div
      className="container-fluid"
    >
      <a
        aria-current="page"
        className="navbar-brand selected"
        href="/"
        onClick={[Function]}
        style={Object {}}
      >
        UseContext
      </a>
      <button
        aria-controls="navbarNavAltMarkup"
        aria-expanded="false"
        aria-label="Toggle navigation"
        className="navbar-toggler"
        data-bs-target="#navbarNavAltMarkup"
        data-bs-toggle="collapse"
        type="button"
      >
        <span
          className="navbar-toggler-icon"
        />
      </button>
      <div
        className="collapse navbar-collapse"
        id="navbarNavAltMarkup"
      >
        <div
          className="navbar-nav"
        >
          <a
            aria-current="page"
            className="nav-item nav-link  selected"
            href="/"
            onClick={[Function]}
            style={Object {}}
          >
            Home
          </a>
          <a
            aria-current={null}
            className="nav-item nav-link "
            href="/about"
            onClick={[Function]}
          >
             Abut
          </a>
          <a
            aria-current={null}
            className="nav-item nav-link "
            href="/login"
            onClick={[Function]}
          >
            Login
          </a>
        </div>
      </div>
    </div>
  </nav>,
  <div
    className="container"
  >
    <div>
      <h1>
         Home Screen
      </h1>
      <hr />
      <pre>
        {
   "id": 1,
   "name": "Gerardo"
}
      </pre>
    </div>
  </div>,
]
`;
