// Jest Snapshot v1, https://goo.gl/fbAQLP

exports[`Pruebas en Multimple custom hooks debe mostrarse correctamente el componente  1`] = `
<div>
  <h1>
    Breaking Bad Quotes
  </h1>
  <hr />
  <div
    className="alert alert-primary text-center"
    role="alert"
  >
    Loading...
  </div>
  <button
    className="btn btn-primary"
  >
     Siguiente frase
  </button>
</div>
`;
